 Entering Link 1 = C:\G03W\l1.exe PID=      3580.
  
 Copyright (c) 1988,1990,1992,1993,1995,1998,2003,2004,2007, Gaussian, Inc.
                  All Rights Reserved.
  
 This is the Gaussian(R) 03 program.  It is based on the
 the Gaussian(R) 98 system (copyright 1998, Gaussian, Inc.),
 the Gaussian(R) 94 system (copyright 1995, Gaussian, Inc.),
 the Gaussian 92(TM) system (copyright 1992, Gaussian, Inc.),
 the Gaussian 90(TM) system (copyright 1990, Gaussian, Inc.),
 the Gaussian 88(TM) system (copyright 1988, Gaussian, Inc.),
 the Gaussian 86(TM) system (copyright 1986, Carnegie Mellon
 University), and the Gaussian 82(TM) system (copyright 1983,
 Carnegie Mellon University). Gaussian is a federally registered
 trademark of Gaussian, Inc.
  
 This software contains proprietary and confidential information,
 including trade secrets, belonging to Gaussian, Inc.
  
 This software is provided under written license and may be
 used, copied, transmitted, or stored only in accord with that
 written license.
  
 The following legend is applicable only to US Government
 contracts under FAR:
  
                    RESTRICTED RIGHTS LEGEND
  
 Use, reproduction and disclosure by the US Government is
 subject to restrictions as set forth in subparagraphs (a)
 and (c) of the Commercial Computer Software - Restricted
 Rights clause in FAR 52.227-19.
  
 Gaussian, Inc.
 340 Quinnipiac St., Bldg. 40, Wallingford CT 06492
  
  
 ---------------------------------------------------------------
 Warning -- This program may not be used in any manner that
 competes with the business of Gaussian, Inc. or will provide
 assistance to any competitor of Gaussian, Inc.  The licensee
 of this program is prohibited from giving any competitor of
 Gaussian, Inc. access to this program.  By using this program,
 the user acknowledges that Gaussian, Inc. is engaged in the
 business of creating and licensing software in the field of
 computational chemistry and represents and warrants to the
 licensee that it is not a competitor of Gaussian, Inc. and that
 it will not use this program in any manner prohibited above.
 ---------------------------------------------------------------
  

 Cite this work as:
 Gaussian 03, Revision E.01,
 M. J. Frisch, G. W. Trucks, H. B. Schlegel, G. E. Scuseria, 
 M. A. Robb, J. R. Cheeseman, J. A. Montgomery, Jr., T. Vreven, 
 K. N. Kudin, J. C. Burant, J. M. Millam, S. S. Iyengar, J. Tomasi, 
 V. Barone, B. Mennucci, M. Cossi, G. Scalmani, N. Rega, 
 G. A. Petersson, H. Nakatsuji, M. Hada, M. Ehara, K. Toyota, 
 R. Fukuda, J. Hasegawa, M. Ishida, T. Nakajima, Y. Honda, O. Kitao, 
 H. Nakai, M. Klene, X. Li, J. E. Knox, H. P. Hratchian, J. B. Cross, 
 V. Bakken, C. Adamo, J. Jaramillo, R. Gomperts, R. E. Stratmann, 
 O. Yazyev, A. J. Austin, R. Cammi, C. Pomelli, J. W. Ochterski, 
 P. Y. Ayala, K. Morokuma, G. A. Voth, P. Salvador, J. J. Dannenberg, 
 V. G. Zakrzewski, S. Dapprich, A. D. Daniels, M. C. Strain, 
 O. Farkas, D. K. Malick, A. D. Rabuck, K. Raghavachari, 
 J. B. Foresman, J. V. Ortiz, Q. Cui, A. G. Baboul, S. Clifford, 
 J. Cioslowski, B. B. Stefanov, G. Liu, A. Liashenko, P. Piskorz, 
 I. Komaromi, R. L. Martin, D. J. Fox, T. Keith, M. A. Al-Laham, 
 C. Y. Peng, A. Nanayakkara, M. Challacombe, P. M. W. Gill, 
 B. Johnson, W. Chen, M. W. Wong, C. Gonzalez, and J. A. Pople, 
 Gaussian, Inc., Wallingford CT, 2004.
 
 ******************************************
 Gaussian 03:  IA32W-G03RevE.01 11-Sep-2007
                29-May-2009 
 ******************************************
 %chk=benzene_trip.chk
 ------------------------------------------------------
 # UB3LYP/3-21G guess=read geom=allcheck td iop(9/40=2)
 ------------------------------------------------------
 1/29=7,38=1/1;
 2/40=1/2;
 3/5=5,11=2,16=1,25=1,30=1,74=-5/1,2,8,3;
 4/5=1,7=2/1;
 5/5=2,38=6/2;
 8/6=1,10=1/1;
 9/40=2,42=1/14;
 6/7=2,8=2,9=2,10=2/1;
 99/5=1,9=1/99;
 --------
 _Benzene
 --------
 Redundant internal coordinates taken from checkpoint file:
 benzene_trip.chk
 Charge =  1 Multiplicity = 2
 H,0,0.0000000027,0.0000000004,-0.0343178011
 C,0,-0.0000000013,-0.0000000016,1.0476550088
 C,0,1.197652666,0.000000001,1.7565738049
 H,0,2.1485779643,0.0000000001,1.2366238224
 C,0,1.1976526659,-0.0000000027,3.2150261951
 H,0,2.1485779642,0.0000000012,3.7349761776
 C,0,-0.0000000013,0.0000000005,3.9239449912
 H,0,0.0000000027,0.0000000008,5.0059178011
 C,0,-1.1976526668,-0.0000000023,3.2150261933
 H,0,-2.1485779648,0.0000000005,3.7349761808
 C,0,-1.1976526668,0.0000000018,1.7565738066
 H,0,-2.1485779648,0.0000000002,1.2366238193
 Recover connectivity data from disk.
                          Input orientation:                          
 ---------------------------------------------------------------------
 Center     Atomic     Atomic              Coordinates (Angstroms)
 Number     Number      Type              X           Y           Z
 ---------------------------------------------------------------------
    1          1             0        0.000000    0.000000   -0.034318
    2          6             0        0.000000    0.000000    1.047655
    3          6             0        1.197653    0.000000    1.756574
    4          1             0        2.148578    0.000000    1.236624
    5          6             0        1.197653    0.000000    3.215026
    6          1             0        2.148578    0.000000    3.734976
    7          6             0        0.000000    0.000000    3.923945
    8          1             0        0.000000    0.000000    5.005918
    9          6             0       -1.197653    0.000000    3.215026
   10          1             0       -2.148578    0.000000    3.734976
   11          6             0       -1.197653    0.000000    1.756574
   12          1             0       -2.148578    0.000000    1.236624
 ---------------------------------------------------------------------
                    Distance matrix (angstroms):
                    1          2          3          4          5
     1  H    0.000000
     2  C    1.081973   0.000000
     3  C    2.154452   1.391739   0.000000
     4  H    2.496333   2.156872   1.083793   0.000000
     5  C    3.463035   2.476261   1.458452   2.195071   0.000000
     6  H    4.338659   3.440651   2.195071   2.498352   1.083793
     7  C    3.958263   2.876290   2.476261   3.440651   1.391739
     8  H    5.040236   3.958263   3.463035   4.338659   2.154452
     9  C    3.463035   2.476261   2.804384   3.887330   2.395305
    10  H    4.338659   3.440651   3.887330   4.970645   3.386386
    11  C    2.154452   1.391739   2.395305   3.386386   2.804384
    12  H    2.496333   2.156872   3.386386   4.297156   3.887330
                    6          7          8          9         10
     6  H    0.000000
     7  C    2.156872   0.000000
     8  H    2.496333   1.081973   0.000000
     9  C    3.386386   1.391739   2.154452   0.000000
    10  H    4.297156   2.156872   2.496333   1.083793   0.000000
    11  C    3.887330   2.476261   3.463035   1.458452   2.195071
    12  H    4.970645   3.440651   4.338659   2.195071   2.498352
                   11         12
    11  C    0.000000
    12  H    1.083793   0.000000
 Stoichiometry    C6H6(1+,2)
 Framework group  D2H[C2"(HC.CH),SG(C4H4)]
 Deg. of freedom     6
 Full point group                 D2H
 Largest Abelian subgroup         D2H     NOp   8
 Largest concise Abelian subgroup D2      NOp   4
                         Standard orientation:                         
 ---------------------------------------------------------------------
 Center     Atomic     Atomic              Coordinates (Angstroms)
 Number     Number      Type              X           Y           Z
 ---------------------------------------------------------------------
    1          1             0        0.000000    0.000000    2.520118
    2          6             0        0.000000    0.000000    1.438145
    3          6             0        0.000000    1.197653    0.729226
    4          1             0        0.000000    2.148578    1.249176
    5          6             0        0.000000    1.197653   -0.729226
    6          1             0        0.000000    2.148578   -1.249176
    7          6             0        0.000000    0.000000   -1.438145
    8          1             0        0.000000    0.000000   -2.520118
    9          6             0        0.000000   -1.197653   -0.729226
   10          1             0        0.000000   -2.148578   -1.249176
   11          6             0        0.000000   -1.197653    0.729226
   12          1             0        0.000000   -2.148578    1.249176
 ---------------------------------------------------------------------
 Rotational constants (GHZ):      5.7784086      5.3618127      2.7811606
 Standard basis: 3-21G (6D, 7F)
 There are    16 symmetry adapted basis functions of AG  symmetry.
 There are     2 symmetry adapted basis functions of B1G symmetry.
 There are     4 symmetry adapted basis functions of B2G symmetry.
 There are    11 symmetry adapted basis functions of B3G symmetry.
 There are     2 symmetry adapted basis functions of AU  symmetry.
 There are    16 symmetry adapted basis functions of B1U symmetry.
 There are    11 symmetry adapted basis functions of B2U symmetry.
 There are     4 symmetry adapted basis functions of B3U symmetry.
 Integral buffers will be    262144 words long.
 Raffenetti 2 integral format.
 Two-electron integral symmetry is turned on.
    66 basis functions,   108 primitive gaussians,    66 cartesian basis functions
    21 alpha electrons       20 beta electrons
       nuclear repulsion energy       201.2257770344 Hartrees.
 NAtoms=   12 NActive=   12 NUniq=    4 SFac= 3.00D+00 NAtFMM=   80 NAOKFM=F Big=F
 One-electron integrals computed using PRISM.
 NBasis=    66 RedAO= T  NBF=    16     2     4    11     2    16    11     4
 NBsUse=    66 1.00D-06 NBFU=    16     2     4    11     2    16    11     4
 Initial guess read from the checkpoint file:
 benzene_trip.chk
 Initial guess orbital symmetries:
 Alpha Orbitals:
       Occupied  (B3G) (?A) (?B) (?C) (B3G) (?C) (?C) (?B) (B3G)
                 (?A) (?C) (?C) (?B) (B3G) (B3G) (?B) (?B) (?A)
                 (?C) (?C) (?A)
       Virtual   (B3G) (?B) (?C) (?A) (?B) (B3G) (?A) (?C) (B3G)
                 (?A) (B3G) (?C) (?B) (B3G) (?A) (?C) (?B) (?B)
                 (?A) (?C) (?C) (?A) (B3G) (?B) (B3G) (?B) (?C)
                 (?A) (B3G) (?A) (?C) (?A) (?B) (B3G) (B3G) (?B)
                 (?C) (B3G) (?A) (?C) (B3G) (?B) (?A) (?C) (B3G)
 Beta  Orbitals:
       Occupied  (B3G) (?A) (?B) (?C) (B3G) (?C) (?C) (B3G) (?B)
                 (?A) (?C) (?C) (?B) (B3G) (B3G) (?B) (?A) (?B)
                 (?C) (?A)
       Virtual   (?C) (B3G) (?B) (?C) (?A) (B3G) (?B) (?A) (?C)
                 (B3G) (?A) (B3G) (?C) (?B) (B3G) (?A) (?C) (?B)
                 (?B) (?A) (?C) (?A) (B3G) (?C) (?B) (B3G) (?B)
                 (?C) (?A) (B3G) (?A) (?C) (?A) (?B) (B3G) (B3G)
                 (?B) (?C) (B3G) (?A) (?C) (B3G) (?B) (?A) (?C)
                 (B3G)
 <S**2> of initial guess= 0.8225
 Requested convergence on RMS density matrix=1.00D-08 within 128 cycles.
 Requested convergence on MAX density matrix=1.00D-06.
 Requested convergence on             energy=1.00D-06.
 No special actions if energy rises.
 A guess orbital has undefined symmetry, so N**3 symmetry is turned off.
 Density matrix breaks symmetry, PCut= 1.00D-04
 Density matrix has no symmetry -- integrals replicated.
 Density matrix breaks symmetry, PCut= 1.00D-04
 Density matrix has no symmetry -- integrals replicated.
 Density matrix breaks symmetry, PCut= 1.00D-04
 Density matrix has no symmetry -- integrals replicated.
 Density matrix breaks symmetry, PCut= 1.00D-04
 Density matrix has no symmetry -- integrals replicated.
 Density matrix breaks symmetry, PCut= 1.00D-04
 Density matrix has no symmetry -- integrals replicated.
 Density matrix breaks symmetry, PCut= 1.00D-04
 Density matrix has no symmetry -- integrals replicated.
 Density matrix breaks symmetry, PCut= 1.00D-04
 Density matrix has no symmetry -- integrals replicated.
 Density matrix breaks symmetry, PCut= 1.00D-04
 Density matrix has no symmetry -- integrals replicated.
 SCF Done:  E(UB+HF-LYP) =  -230.643260522     A.U. after   15 cycles
             Convg  =    0.8446D-08             -V/T =  2.0091
             S**2   =   0.7642
 Annihilation of the first spin contaminant:
 S**2 before annihilation     0.7642,   after     0.7501
 ExpMin= 1.83D-01 ExpMax= 1.72D+02 ExpMxC= 1.72D+02 IAcc=1 IRadAn=         1 AccDes= 1.00D-06
 HarFok:  IExCor= 205 AccDes= 1.00D-06 IRadAn=         1 IDoV=1
 ScaDFX=  1.000000  1.000000  1.000000  1.000000
 Range of M.O.s used for correlation:     7    66
 NBasis=    66 NAE=    21 NBE=    20 NFC=     6 NFV=     0
 NROrb=     60 NOA=    15 NOB=    14 NVA=    45 NVB=    46

 **** Warning!!: The smallest beta delta epsilon is  0.72635753D-01

 Would need an additional     1844642 words for in-memory AO integral storage.
 Orbital symmetries:
 Alpha Orbitals:
       Occupied  (?A) (?A) (B2U) (AG) (B1U) (AG) (AG) (B2U) (B1U)
                 (B3G) (AG) (AG) (B2U) (B1U) (B1U) (B2U) (B3U)
                 (B3G) (AG) (B1G) (B2G)
       Virtual   (AU) (B3U) (AG) (B2G) (B2U) (B1U) (B3G) (AG) (B1U)
                 (B3G) (B1U) (AG) (B2U) (B1U) (B3G) (AG) (B3U)
                 (B2U) (B3G) (AG) (B1G) (B2G) (B1U) (B2U) (AU)
                 (B3U) (AG) (B2G) (B1U) (B3G) (AG) (B3G) (B2U)
                 (B1U) (B1U) (B2U) (AG) (B1U) (B3G) (AG) (B1U)
                 (B2U) (B3G) (AG) (B1U)
 Beta  Orbitals:
       Occupied  (?A) (?A) (B2U) (AG) (B1U) (AG) (AG) (B1U) (B2U)
                 (B3G) (AG) (AG) (B2U) (B1U) (B1U) (B2U) (B3G)
                 (B3U) (AG) (B2G)
       Virtual   (B1G) (AU) (B3U) (AG) (B2G) (B1U) (B2U) (B3G)
                 (AG) (B1U) (B3G) (B1U) (AG) (B2U) (B1U) (B3G)
                 (AG) (B2U) (B3U) (B3G) (AG) (B2G) (B1U) (B1G)
                 (B2U) (AU) (B3U) (AG) (B2G) (B1U) (B3G) (AG) (B3G)
                 (B2U) (B1U) (B1U) (B2U) (AG) (B1U) (B3G) (AG)
                 (B1U) (B2U) (B3G) (AG) (B1U)
    24 initial guesses have been made.
 Convergence on wavefunction:    0.001000000000000
 Iteration     1 Dimension    24 NMult    24
 CISAX will form  24 AO SS matrices at one time.
 No map to state      3
 Iteration     2 Dimension    30 NMult    30
 Iteration     3 Dimension    36 NMult    36
 Iteration     4 Dimension    42 NMult    42
 Iteration     5 Dimension    44 NMult    44
 ***********************************************************************
 Excited states from <AA,BB:AA,BB> singles matrix:
 ***********************************************************************
 
 Ground to excited state Transition electric dipole moments (Au):
       state          X           Y           Z          Osc.
         1         0.0000      0.0000      0.0000      0.0000
         2         0.0000      0.0000      0.0000      0.0000
         3         0.0000      0.0000      0.0000      0.0000
 Ground to excited state transition velocity dipole Moments (Au):
       state          X           Y           Z          Osc.
         1         0.0000      0.0000      0.0000      0.0000
         2         0.0000      0.0000      0.0000      0.0000
         3         0.0000      0.0000      0.0000      0.0000
 Ground to excited state transition magnetic dipole Moments (Au):
       state          X           Y           Z
         1        -0.7672      0.0000      0.0000
         2         0.0000      0.0000     -0.0578
         3         0.0002     -0.0380      0.0000
 <0|del|b> * <b|rxdel|0>  (Au), Rotatory Strengths (R) in
 cgs (10**-40 erg-esu-cm/Gauss)
       state          X           Y           Z     R(velocity)
         1         0.0000      0.0000      0.0000      0.0000
         2         0.0000      0.0000      0.0000      0.0000
         3         0.0000      0.0000      0.0000      0.0000
 <0|r|b> * <b|rxdel|0>  (Au), Rotatory Strengths (R) in
 cgs (10**-40 erg-esu-cm/Gauss)
       state          X           Y           Z     R(length)
         1         0.0000      0.0000      0.0000      0.0000
         2         0.0000      0.0000      0.0000      0.0000
         3         0.0000      0.0000      0.0000      0.0000
  <0|del|b> * <b|r|0>  (Au)
       state          X           Y           Z       Osc.(frdel)
         1         0.0000      0.0000      0.0000      0.0000
         2         0.0000      0.0000      0.0000      0.0000
         3         0.0000      0.0000      0.0000      0.0000
 Ground to excited state transition densities written to RWF  633

 Excitation energies and oscillator strengths:
 
 Excited State   1:   ?Spin  -B3G    0.5254 eV 2359.86 nm  f=0.0000
      7A -> 28A       -0.01645
      8A -> 30A       -0.01763
      8A -> 35A        0.01546
     10A -> 24A        0.01521
     10A -> 29A        0.01671
     11A -> 28A        0.02080
     12A -> 31A        0.01964
     13A -> 27A        0.01373
     13A -> 32A        0.02975
     13A -> 44A        0.01014
     14A -> 26A       -0.01240
     14A -> 34A       -0.01517
     15A -> 34A       -0.01104
     16A -> 27A        0.01080
     16A -> 35A       -0.01669
     17A -> 22A       -0.16351
     17A -> 46A        0.01163
     18A -> 37A       -0.01073
     19A -> 31A        0.01077
     19A -> 36A        0.02179
     20A -> 25A        0.11492
     20A -> 43A       -0.01080
     20A -> 49A       -0.01124
     21A -> 42A       -0.01236
     12B -> 31B        0.01065
     13B -> 32B        0.01765
     17B -> 24B        0.01008
     17B -> 37B       -0.01017
     18B -> 22B        0.06682
     19B -> 36B        0.01321
     20B -> 21B        1.07186
 This state for optimization and/or second-order correction.
 Copying the excited state density for this state as the 1-particle RhoCI density.
 
 Excited State   2:   ?Spin  -B1G    2.7620 eV  448.90 nm  f=0.0000
     13A -> 23A        0.01315
     16A -> 23A        0.01366
      8B -> 22B        0.01105
     10B -> 25B       -0.01394
     11B -> 21B        0.03607
     12B -> 21B        0.02637
     13B -> 23B       -0.03230
     14B -> 22B       -0.02697
     15B -> 22B       -0.02180
     16B -> 23B       -0.02779
     18B -> 34B       -0.01288
     19B -> 21B        1.00474
 
 Excited State   3:   ?Spin  -B2G    3.0338 eV  408.68 nm  f=0.0000
     12A -> 25A       -0.01148
     13A -> 22A       -0.01730
     16A -> 22A        0.03057
     10B -> 21B        0.01263
     11B -> 25B       -0.01535
     12B -> 25B        0.01485
     13B -> 22B        0.03652
     14B -> 23B       -0.03968
     15B -> 23B        0.02184
     16B -> 22B       -0.04808
     17B -> 21B        1.00610
     17B -> 44B        0.01041
     18B -> 32B       -0.01263
     18B -> 35B       -0.01171
     20B -> 33B        0.01108

 **********************************************************************

            Population analysis using the SCF density.

 **********************************************************************

 Orbital symmetries:
 Alpha Orbitals:
       Occupied  (?A) (?A) (B2U) (AG) (B1U) (AG) (AG) (B2U) (B1U)
                 (B3G) (AG) (AG) (B2U) (B1U) (B1U) (B2U) (B3U)
                 (B3G) (AG) (B1G) (B2G)
       Virtual   (AU) (B3U) (AG) (B2G) (B2U) (B1U) (B3G) (AG) (B1U)
                 (B3G) (B1U) (AG) (B2U) (B1U) (B3G) (AG) (B3U)
                 (B2U) (B3G) (AG) (B1G) (B2G) (B1U) (B2U) (AU)
                 (B3U) (AG) (B2G) (B1U) (B3G) (AG) (B3G) (B2U)
                 (B1U) (B1U) (B2U) (AG) (B1U) (B3G) (AG) (B1U)
                 (B2U) (B3G) (AG) (B1U)
 Beta  Orbitals:
       Occupied  (?A) (?A) (B2U) (AG) (B1U) (AG) (AG) (B1U) (B2U)
                 (B3G) (AG) (AG) (B2U) (B1U) (B1U) (B2U) (B3G)
                 (B3U) (AG) (B2G)
       Virtual   (B1G) (AU) (B3U) (AG) (B2G) (B1U) (B2U) (B3G)
                 (AG) (B1U) (B3G) (B1U) (AG) (B2U) (B1U) (B3G)
                 (AG) (B2U) (B3U) (B3G) (AG) (B2G) (B1U) (B1G)
                 (B2U) (AU) (B3U) (AG) (B2G) (B1U) (B3G) (AG) (B3G)
                 (B2U) (B1U) (B1U) (B2U) (AG) (B1U) (B3G) (AG)
                 (B1U) (B2U) (B3G) (AG) (B1U)
 Unable to determine electronic state:  an orbital has unidentified symmetry.
 Alpha  occ. eigenvalues --  -10.39429 -10.39426 -10.39320 -10.39286 -10.35670
 Alpha  occ. eigenvalues --  -10.35652  -1.10203  -0.99047  -0.99013  -0.84837
 Alpha  occ. eigenvalues --   -0.83690  -0.75592  -0.69474  -0.68906  -0.65778
 Alpha  occ. eigenvalues --   -0.65610  -0.61157  -0.58486  -0.57316  -0.50499
 Alpha  occ. eigenvalues --   -0.49264
 Alpha virt. eigenvalues --   -0.26537  -0.22255  -0.08798  -0.08684  -0.03086
 Alpha virt. eigenvalues --   -0.02899  -0.01530   0.01153   0.01399   0.07791
 Alpha virt. eigenvalues --    0.08770   0.10940   0.11453   0.31683   0.33002
 Alpha virt. eigenvalues --    0.45307   0.45423   0.45637   0.49382   0.52080
 Alpha virt. eigenvalues --    0.54148   0.55738   0.56085   0.58535   0.58924
 Alpha virt. eigenvalues --    0.60859   0.65749   0.67996   0.75126   0.78970
 Alpha virt. eigenvalues --    0.81339   0.87577   0.89833   0.91010   1.07140
 Alpha virt. eigenvalues --    1.08095   1.11214   1.23435   1.23448   1.25203
 Alpha virt. eigenvalues --    1.27250   1.31333   1.63097   1.63783   2.21712
  Beta  occ. eigenvalues --  -10.39002 -10.38998 -10.38891 -10.38858 -10.35827
  Beta  occ. eigenvalues --  -10.35809  -1.09123  -0.98722  -0.97079  -0.83852
  Beta  occ. eigenvalues --   -0.83119  -0.75328  -0.69018  -0.68446  -0.65771
  Beta  occ. eigenvalues --   -0.65090  -0.58267  -0.58103  -0.57009  -0.48582
  Beta virt. eigenvalues --   -0.41318  -0.22318  -0.21148  -0.08612  -0.06466
  Beta virt. eigenvalues --   -0.02853  -0.02824  -0.00462   0.01319   0.01947
  Beta virt. eigenvalues --    0.08294   0.09212   0.11109   0.11807   0.32536
  Beta virt. eigenvalues --    0.33359   0.45461   0.45887   0.47155   0.49616
  Beta virt. eigenvalues --    0.52466   0.56213   0.56347   0.56826   0.58808
  Beta virt. eigenvalues --    0.61163   0.61219   0.65947   0.69041   0.75308
  Beta virt. eigenvalues --    0.79194   0.81373   0.87744   0.90083   0.91060
  Beta virt. eigenvalues --    1.07281   1.08569   1.11839   1.23751   1.24004
  Beta virt. eigenvalues --    1.25387   1.27363   1.32982   1.64290   1.64380
  Beta virt. eigenvalues --    2.22605
          Condensed to atoms (all electrons):
              1          2          3          4          5          6
     1  H    0.385161   0.385615  -0.030909  -0.002500   0.002538  -0.000021
     2  C    0.385615   5.166564   0.421898  -0.030194  -0.083729   0.002484
     3  C   -0.030909   0.421898   5.212844   0.376399   0.344965  -0.031615
     4  H   -0.002500  -0.030194   0.376399   0.380142  -0.031615  -0.002010
     5  C    0.002538  -0.083729   0.344965  -0.031615   5.212844   0.376399
     6  H   -0.000021   0.002484  -0.031615  -0.002010   0.376399   0.380142
     7  C   -0.000206  -0.005790  -0.083729   0.002484   0.421898  -0.030194
     8  H    0.000001  -0.000206   0.002538  -0.000021  -0.030909  -0.002500
     9  C    0.002538  -0.083729  -0.010778  -0.000138  -0.088053   0.003057
    10  H   -0.000021   0.002484  -0.000138   0.000001   0.003057  -0.000028
    11  C   -0.030909   0.421898  -0.088053   0.003057  -0.010778  -0.000138
    12  H   -0.002500  -0.030194   0.003057  -0.000028  -0.000138   0.000001
              7          8          9         10         11         12
     1  H   -0.000206   0.000001   0.002538  -0.000021  -0.030909  -0.002500
     2  C   -0.005790  -0.000206  -0.083729   0.002484   0.421898  -0.030194
     3  C   -0.083729   0.002538  -0.010778  -0.000138  -0.088053   0.003057
     4  H    0.002484  -0.000021  -0.000138   0.000001   0.003057  -0.000028
     5  C    0.421898  -0.030909  -0.088053   0.003057  -0.010778  -0.000138
     6  H   -0.030194  -0.002500   0.003057  -0.000028  -0.000138   0.000001
     7  C    5.166564   0.385615   0.421898  -0.030194  -0.083729   0.002484
     8  H    0.385615   0.385161  -0.030909  -0.002500   0.002538  -0.000021
     9  C    0.421898  -0.030909   5.212844   0.376399   0.344965  -0.031615
    10  H   -0.030194  -0.002500   0.376399   0.380142  -0.031615  -0.002010
    11  C   -0.083729   0.002538   0.344965  -0.031615   5.212844   0.376399
    12  H    0.002484  -0.000021  -0.031615  -0.002010   0.376399   0.380142
 Mulliken atomic charges:
              1
     1  H    0.291213
     2  C   -0.167101
     3  C   -0.116480
     4  H    0.304423
     5  C   -0.116480
     6  H    0.304423
     7  C   -0.167101
     8  H    0.291213
     9  C   -0.116480
    10  H    0.304423
    11  C   -0.116480
    12  H    0.304423
 Sum of Mulliken charges=   1.00000
 Atomic charges with hydrogens summed into heavy atoms:
              1
     1  H    0.000000
     2  C    0.124112
     3  C    0.187944
     4  H    0.000000
     5  C    0.187944
     6  H    0.000000
     7  C    0.124112
     8  H    0.000000
     9  C    0.187944
    10  H    0.000000
    11  C    0.187944
    12  H    0.000000
 Sum of Mulliken charges=   1.00000
          Atomic-Atomic Spin Densities.
              1          2          3          4          5          6
     1  H    0.003822   0.001874  -0.000883   0.000033   0.000064   0.000001
     2  C    0.001874  -0.137220  -0.007253   0.000443  -0.002800  -0.000019
     3  C   -0.000883  -0.007253   0.332604  -0.002471   0.036121  -0.000818
     4  H    0.000033   0.000443  -0.002471  -0.012984  -0.000818   0.000061
     5  C    0.000064  -0.002800   0.036121  -0.000818   0.332604  -0.002471
     6  H    0.000001  -0.000019  -0.000818   0.000061  -0.002471  -0.012984
     7  C   -0.000009   0.003470  -0.002800  -0.000019  -0.007253   0.000443
     8  H    0.000000  -0.000009   0.000064   0.000001  -0.000883   0.000033
     9  C    0.000064  -0.002800  -0.006258  -0.000015  -0.009012   0.000001
    10  H    0.000001  -0.000019  -0.000015   0.000000   0.000001   0.000002
    11  C   -0.000883  -0.007253  -0.009012   0.000001  -0.006258  -0.000015
    12  H    0.000033   0.000443   0.000001   0.000002  -0.000015   0.000000
              7          8          9         10         11         12
     1  H   -0.000009   0.000000   0.000064   0.000001  -0.000883   0.000033
     2  C    0.003470  -0.000009  -0.002800  -0.000019  -0.007253   0.000443
     3  C   -0.002800   0.000064  -0.006258  -0.000015  -0.009012   0.000001
     4  H   -0.000019   0.000001  -0.000015   0.000000   0.000001   0.000002
     5  C   -0.007253  -0.000883  -0.009012   0.000001  -0.006258  -0.000015
     6  H    0.000443   0.000033   0.000001   0.000002  -0.000015   0.000000
     7  C   -0.137220   0.001874  -0.007253   0.000443  -0.002800  -0.000019
     8  H    0.001874   0.003822  -0.000883   0.000033   0.000064   0.000001
     9  C   -0.007253  -0.000883   0.332604  -0.002471   0.036121  -0.000818
    10  H    0.000443   0.000033  -0.002471  -0.012984  -0.000818   0.000061
    11  C   -0.002800   0.000064   0.036121  -0.000818   0.332604  -0.002471
    12  H   -0.000019   0.000001  -0.000818   0.000061  -0.002471  -0.012984
 Mulliken atomic spin densities:
              1
     1  H    0.004116
     2  C   -0.151143
     3  C    0.339281
     4  H   -0.015767
     5  C    0.339281
     6  H   -0.015767
     7  C   -0.151143
     8  H    0.004116
     9  C    0.339281
    10  H   -0.015767
    11  C    0.339281
    12  H   -0.015767
 Sum of Mulliken spin densities=   1.00000
 Electronic spatial extent (au):  <R**2>=   447.4415
 Charge=     1.0000 electrons
 Dipole moment (field-independent basis, Debye):
    X=     0.0000    Y=     0.0000    Z=     0.0000  Tot=     0.0000
 Quadrupole moment (field-independent basis, Debye-Ang):
   XX=   -36.4039   YY=   -18.7079   ZZ=   -21.1657
   XY=     0.0000   XZ=     0.0000   YZ=     0.0000
 Traceless Quadrupole moment (field-independent basis, Debye-Ang):
   XX=   -10.9781   YY=     6.7179   ZZ=     4.2602
   XY=     0.0000   XZ=     0.0000   YZ=     0.0000
 Octapole moment (field-independent basis, Debye-Ang**2):
  XXX=     0.0000  YYY=     0.0000  ZZZ=     0.0000  XYY=     0.0000
  XXY=     0.0000  XXZ=     0.0000  XZZ=     0.0000  YZZ=     0.0000
  YYZ=     0.0000  XYZ=     0.0000
 Hexadecapole moment (field-independent basis, Debye-Ang**3):
 XXXX=   -36.3495 YYYY=  -194.9923 ZZZZ=  -218.5554 XXXY=     0.0000
 XXXZ=     0.0000 YYYX=     0.0000 YYYZ=     0.0000 ZZZX=     0.0000
 ZZZY=     0.0000 XXYY=   -53.2517 XXZZ=   -58.8244 YYZZ=   -68.1934
 XXYZ=     0.0000 YYXZ=     0.0000 ZZXY=     0.0000
 N-N= 2.012257770344D+02 E-N=-9.264131962415D+02  KE= 2.285615026561D+02
 Symmetry AG   KE= 7.385075092787D+01
 Symmetry B1G  KE= 1.160697135282D+00
 Symmetry B2G  KE= 2.280551281935D+00
 Symmetry B3G  KE= 3.749621594190D+01
 Symmetry AU   KE= 3.912356640749D-10
 Symmetry B1U  KE= 7.165308153793D+01
 Symmetry B2U  KE= 4.021152813004D+01
 Symmetry B3U  KE= 1.908677700754D+00

 Test job not archived.
 1|1|UNPC-UNK|SP|UTD-B3LYP-FC|3-21G|C6H6(1+,2)|PCUSER|29-May-2009|0||# 
 UB3LYP/3-21G guess=read geom=allcheck td iop(9/40=2)||_Benzene||1,2|H,
 0,0.0000000027,0.0000000004,-0.0343178011|C,0,-0.0000000013,-0.0000000
 016,1.0476550088|C,0,1.197652666,0.000000001,1.7565738049|H,0,2.148577
 9643,0.0000000001,1.2366238224|C,0,1.1976526659,-0.0000000027,3.215026
 1951|H,0,2.1485779642,0.0000000012,3.7349761776|C,0,-0.0000000013,0.00
 00000005,3.9239449912|H,0,0.0000000027,0.0000000008,5.0059178011|C,0,-
 1.1976526668,-0.0000000023,3.2150261933|H,0,-2.1485779648,0.0000000005
 ,3.7349761808|C,0,-1.1976526668,0.0000000018,1.7565738066|H,0,-2.14857
 79648,0.0000000002,1.2366238193||Version=IA32W-G03RevE.01|HF=-230.6432
 605|S2=0.764246|S2-1=0.|S2A=0.750121|RMSD=8.446e-009|Thermal=0.|PG=D02
 H [C2"(H1C1.C1H1),SG(C4H4)]||@


 Not by the face shall a man be known, but by the mask.
                               -- Karen Blixen
 Job cpu time:  0 days  0 hours  1 minutes 29.0 seconds.
 File lengths (MBytes):  RWF=     24 Int=      0 D2E=      0 Chk=      8 Scr=      1
 Normal termination of Gaussian 03 at Fri May 29 09:54:52 2009.
